// Jest Snapshot v1, https://goo.gl/fbAQLP

exports[`GameContainerComponent should match the snapshot with no bet given 1`] = `
<ng-component>
  <card-game-game-container>
    <div
      class="card-history"
    >
      
    </div>
    <div
      class="deck-container"
    >
      
      <div
        class="card"
        style="padding: 0px;"
      >
        <card-game-card-display />
      </div>
      <div
        class="card"
        style="padding: 16.666666666666668px;"
      >
        <card-game-card-display />
      </div>
      <div
        class="card"
        style="padding: 33.333333333333336px;"
      >
        <card-game-card-display />
      </div>
      <div
        class="card"
        style="padding: 50px;"
      >
        <card-game-card-display />
      </div>
    </div>
    
    <div
      class="controls-container"
    >
      <h1>
        Congratulations!
      </h1>
      <h2
        data-cy="final-score"
      >
        Your final score is: 0
      </h2>
      <div
        class="button-container"
      >
        <button
          data-cy="play-again"
        >
          Play again
        </button>
      </div>
    </div>
    
    
  </card-game-game-container>
</ng-component>
`;
