// Jest Snapshot v1, https://goo.gl/fbAQLP

exports[`GameContainerComponent should match the snapshot with no bet given 1`] = `
<ng-component>
  <card-game-game-container>
    <div
      class="deck-container"
    >
      
      <div
        class="card"
        style="padding: 0px;"
      >
        <card-game-card-display />
      </div>
      <div
        class="card"
        style="padding: 16.666666666666668px;"
      >
        <card-game-card-display />
      </div>
      <div
        class="card"
        style="padding: 33.333333333333336px;"
      >
        <card-game-card-display />
      </div>
      <div
        class="card"
        style="padding: 50px;"
      >
        <card-game-card-display />
      </div>
    </div>
    <div />
    <div
      data-cy="rounds-left"
    >
      Rounds left: 30
    </div>
    <button
      data-cy="draw-next"
      disabled=""
    >
       Draw new Card
  
    </button>
    <div>
      <button
        data-cy="bet-lower"
      >
         Bet lower 
      </button>
      <button
        data-cy="bet-higher"
      >
         Bet higher 
      </button>
    </div>
    <div
      data-cy="score"
    >
      Score: 0
    </div>
  </card-game-game-container>
</ng-component>
`;
