// Jest Snapshot v1, https://goo.gl/fbAQLP

exports[`WelcomeContainerComponent should match the snapshot when deck is loaded 1`] = `
<ng-component>
  <card-game-welcome-container>
    
    <button>
      Start New Game
    </button>
  </card-game-welcome-container>
</ng-component>
`;

exports[`WelcomeContainerComponent should match the snapshot when deck is not loaded 1`] = `
<ng-component>
  <card-game-welcome-container>
    
    <button>
      Start New Game
    </button>
  </card-game-welcome-container>
</ng-component>
`;
