// Jest Snapshot v1, https://goo.gl/fbAQLP

exports[`SummaryContainerComponent should match the snapshot 1`] = `
<ng-component>
  <card-game-summary-container>
    <h1>
      Congratulations!
    </h1>
    <h2>
      Your final score is: 1
    </h2>
    <button>
      Play again
    </button>
  </card-game-summary-container>
</ng-component>
`;
